src/lib/jobStore.tsx(202,5): error TS17004: Cannot use JSX unless the '--jsx' flag is provided.
src/lib/supabase.ts(4,5): error TS1343: The 'import.meta' meta-property is only allowed when the '--module' option is 'es2020', 'es2022', 'esnext', 'system', 'node16', 'node18', or 'nodenext'.
src/lib/supabase.ts(4,17): error TS2339: Property 'env' does not exist on type 'ImportMeta'.
src/lib/supabase.ts(5,5): error TS1343: The 'import.meta' meta-property is only allowed when the '--module' option is 'es2020', 'es2022', 'esnext', 'system', 'node16', 'node18', or 'nodenext'.
src/lib/supabase.ts(5,17): error TS2339: Property 'env' does not exist on type 'ImportMeta'.
